[code.makery.ch/library/javafx-8-tutorial/es/index.html]
[backblue.gif]
[fade.gif]
[index.html]
[code.makery.ch/theme/css/style.min.css]
[code.makery.ch/assets/library/javafx-8-tutorial/addressapp.png]
[code.makery.ch/theme/css/prettify.min.css]
[www.google-analytics.com/analytics.js]
[code.makery.ch/library/javafx-8-tutorial/es/part1/index.html]
[code.makery.ch/theme/js/prettify.min.js]
[code.makery.ch/library/javafx-8-tutorial/es/part2/index.html]
[ajax.googleapis.com/ajax/libs/jquery/1.11.0/jquery.min.js]
[code.makery.ch/library/javafx-8-tutorial/es/part3/index.html]
[code.makery.ch/library/javafx-8-tutorial/es/part4/index.html]
[code.makery.ch/library/javafx-8-tutorial/es/part5/index.html]
[code.makery.ch/library/javafx-8-tutorial/es/part6/index.html]
[code.makery.ch/theme/js/bootstrap-init-tooltips.min.js]
[code.makery.ch/library/javafx-8-tutorial/es/index.html]
[code.makery.ch/theme/css/style.min.css]
[code.makery.ch/theme/css/prettify.min.css]
[code.makery.ch/library/javafx-8-tutorial/es/part7/index.html]
[code.makery.ch/theme/js/bootstrap.min.js]
[code.makery.ch/assets/library/javafx-8-tutorial/part1/addressapp-part1.png]
[code.makery.ch/assets/library/javafx-8-tutorial/part1/preferences-jdk.png]
[code.makery.ch/assets/library/javafx-8-tutorial/part1/preferences-compliance.png]
[code.makery.ch/assets/library/javafx-8-tutorial/part1/preferences-javafx.png]
[code.makery.ch/assets/library/javafx-8-tutorial/part1/new-fxml-document.png]
[code.makery.ch/assets/library/javafx-8-tutorial/part1/new-person-overview.png]
[code.makery.ch/assets/library/javafx-8-tutorial/part1/anchor-pane-size.png]
[code.makery.ch/assets/library/javafx-8-tutorial/part1/fit-to-parent.png]
[code.makery.ch/assets/library/javafx-8-tutorial/part1/table-view-anchors.png]
[code.makery.ch/assets/library/javafx-8-tutorial/part1/column-texts.png]
[code.makery.ch/assets/library/javafx-8-tutorial/part1/column-resize-policy.png]
[code.makery.ch/assets/library/javafx-8-tutorial/part1/person-details-label.png]
[code.makery.ch/assets/library/javafx-8-tutorial/part1/grid-pane-layout.png]
[code.makery.ch/assets/library/javafx-8-tutorial/part1/add-labels.png]
[code.makery.ch/assets/library/javafx-8-tutorial/part1/button-group.png]
[code.makery.ch/assets/library/javafx-8-tutorial/part1/scene-builder-preview.png]
[code.makery.ch/assets/library/javafx-8-tutorial/part1/new-root-layout.png]
[code.makery.ch/assets/library/javafx-8-tutorial/part1/root-layout-size.png]
[code.makery.ch/assets/library/javafx-8-tutorial/part1/menu-bar.png]
[code.makery.ch/assets/library/javafx-8-tutorial/part1/new-main-class.png]
[code.makery.ch/assets/library/javafx-8-tutorial/part1/new-main-class2.png]
[code.makery.ch/assets/library/javafx-8-tutorial/part1/javafx-hierarchy.png]
[code.makery.ch/library/javafx-8-tutorial/es/part1/index.html]
[code.makery.ch/assets/library/javafx-8-tutorial/part2/addressapp-part2.png]
[code.makery.ch/assets/library/javafx-8-tutorial/part2/set-controller-class.png]
[code.makery.ch/assets/library/javafx-8-tutorial/part2/set-tableview-fx-id.png]
[code.makery.ch/assets/library/javafx-8-tutorial/part2/set-label-fx-id.png]
[code.makery.ch/library/javafx-8-tutorial/es/part2/index.html]
[code.makery.ch/assets/library/javafx-8-tutorial/part3/addressapp-part3.png]
[code.makery.ch/assets/library/javafx-8-tutorial/part3/handle-delete.png]
[code.makery.ch/assets/library/javafx-8-tutorial/part3/controlsfx-library.png]
[code.makery.ch/assets/library/javafx-8-tutorial/part3/person-edit-dialog1.png]
[code.makery.ch/assets/library/javafx-8-tutorial/part3/person-edit-dialog2.png]
[code.makery.ch/library/javafx-8-tutorial/es/part3/index.html]
[code.makery.ch/assets/library/javafx-8-tutorial/part4/addressapp-part4.png]
[code.makery.ch/assets/library/javafx-8-tutorial/part4/darktheme-rootlayout.png]
[code.makery.ch/assets/library/javafx-8-tutorial/part4/darktheme-personeditdialog.png]
[code.makery.ch/assets/library/javafx-8-tutorial/part4/background-style-select.png]
[code.makery.ch/assets/library/javafx-8-tutorial/part4/background-style.png]
[code.makery.ch/assets/library/javafx-8-tutorial/part4/label-header-style.png]
[code.makery.ch/assets/library/javafx-8-tutorial/part4/label-bright-style.png]
[code.makery.ch/assets/library/javafx-8-tutorial/part4/default-app-icon.png]
[code.makery.ch/assets/library/javafx-8-tutorial/part4/custom-app-icon.png]
[code.makery.ch/assets/library/javafx-8-tutorial/part4/custom-icon-file.png]
[code.makery.ch/library/javafx-8-tutorial/es/part4/index.html]
[code.makery.ch/assets/library/javafx-8-tutorial/part5/addressapp-part5.png]
[code.makery.ch/assets/library/javafx-8-tutorial/part5/add-menu-items.png]
[code.makery.ch/assets/library/javafx-8-tutorial/part5/menu-actions.png]
[code.makery.ch/library/javafx-8-tutorial/es/part5/index.html]
[code.makery.ch/assets/library/javafx-8-tutorial/part6/addressapp-part6.png]
[code.makery.ch/assets/library/javafx-8-tutorial/part6/birthday-statistics-fxml.png]
[code.makery.ch/assets/library/javafx-8-tutorial/part6/category-axis.png]
[code.makery.ch/assets/library/javafx-8-tutorial/part6/show-statistics-menu.png]
[code.makery.ch/assets/library/javafx-8-tutorial/part6/show-statistics-on-action.png]
[code.makery.ch/library/javafx-8-tutorial/es/part6/index.html]
[code.makery.ch/assets/library/javafx-8-tutorial/part7/addressapp-macos.png]
[code.makery.ch/assets/library/javafx-8-tutorial/part7/addressapp-part7.png]
[code.makery.ch/assets/library/javafx-8-tutorial/part7/native-package.png]
[code.makery.ch/assets/library/javafx-8-tutorial/part7/fxbuild-settings.png]
[code.makery.ch/assets/library/javafx-8-tutorial/part7/generate-ant-build.png]
[code.makery.ch/assets/library/javafx-8-tutorial/part7/installer-icons.png]
[code.makery.ch/assets/library/javafx-8-tutorial/part7/build-resources.png]
[code.makery.ch/assets/library/javafx-8-tutorial/part7/addressapp-windows.png]
[code.makery.ch/assets/library/javafx-8-tutorial/part7/run-ant-build.png]
[code.makery.ch/assets/library/javafx-8-tutorial/part7/deployed-file.png]
[code.makery.ch/library/javafx-8-tutorial/es/part7/index.html]
